wrote 9 cases to fixtures/out/vectors
wrote sqlite fixtures to fixtures/out/vectors/../sqlite
   Compiling cloud-image-inspector v0.1.0 (/work)
    Finished `release` profile [optimized] target(s) in 1.12s
     Running unittests src/lib.rs (target/release/deps/cloud_image_inspector-9c33648f30766105)

running 7 tests
test bytes::tests::reads_past_the_end_are_errors_not_panics ... ok
test compress::inflate::tests::garbage_is_an_error ... ok
test compress::xxhash::tests::empty_input ... ok
test pkgdb::tests::apk_stanzas ... ok
test compress::inflate::tests::stored_block ... ok
test pkgdb::tests::dpkg_counts_only_installed ... ok
test pkgdb::tests::pacman_desc_with_epoch ... ok

test result: ok. 7 passed; 0 failed; 0 ignored; 0 measured; 0 filtered out; finished in 0.00s

     Running tests/compress.rs (target/release/deps/compress-88b85e56a12abdba)

running 2 tests
232 vectors decoded correctly
test every_vector_round_trips ... ok
test corrupted_vectors_never_panic ... ok

test result: ok. 2 passed; 0 failed; 0 ignored; 0 measured; 0 filtered out; finished in 2.73s

     Running tests/pkgdb.rs (target/release/deps/pkgdb-399b98e81ea16230)

running 1 test
overflow pages followed: 18648, WAL frames applied: 1992
test rpmdb_sqlite_fixtures ... ok

test result: ok. 1 passed; 0 failed; 0 ignored; 0 measured; 0 filtered out; finished in 0.02s

